../Core/Src/main.c:149:5:_write	24	static
../Core/Src/main.c:155:6:angle	32	static
../Core/Src/main.c:172:6:ADC_Select_CH0	24	static
../Core/Src/main.c:183:6:ADC_Select_CH1	24	static
../Core/Src/main.c:193:6:ADC_Select_CH2	24	static
../Core/Src/main.c:203:8:distanceRight	32	static
../Core/Src/main.c:219:8:distanceStraight	32	static
../Core/Src/main.c:236:8:distanceLeft	32	static
../Core/Src/main.c:255:6:isValid	16	static
../Core/Src/main.c:258:6:init_arr	32	static
../Core/Src/main.c:265:6:check_and_fill	40	static
../Core/Src/main.c:274:6:init_flood	88	static
../Core/Src/main.c:299:6:init_maze	24	static
../Core/Src/main.c:313:6:intToStr	16	static
../Core/Src/main.c:316:11:cell_direction_adjust	40	static
../Core/Src/main.c:349:11:update_walls	112	static
../Core/Src/main.c:393:6:go_to_cell	16	static
../Core/Src/main.c:427:6:check_wall_angle	24	static
../Core/Src/main.c:450:7:get_min_neighbour	72	static
../Core/Src/main.c:476:6:flood	120	static
../Core/Src/main.c:518:7:floodfill	4928	static
../Core/Src/main.c:565:6:init_flood_start	112	static
../Core/Src/main.c:616:5:main	1088	static
../Core/Src/main.c:792:6:SystemClock_Config	88	static
../Core/Src/main.c:839:13:MX_ADC1_Init	8	static
../Core/Src/main.c:895:13:MX_ADC2_Init	24	static
../Core/Src/main.c:942:13:MX_I2C1_Init	8	static
../Core/Src/main.c:976:13:MX_TIM1_Init	96	static
../Core/Src/main.c:1050:13:MX_TIM2_Init	56	static
../Core/Src/main.c:1099:13:MX_TIM3_Init	56	static
../Core/Src/main.c:1148:13:MX_TIM4_Init	64	static
../Core/Src/main.c:1207:13:MX_USART1_UART_Init	8	static
../Core/Src/main.c:1240:13:MX_GPIO_Init	40	static
../Core/Src/main.c:1296:6:filter_gyro	40	static
../Core/Src/main.c:1323:6:Error_Handler	4	static,ignoring_inline_asm
